#-----------------------------------------------------------
# Vivado v2024.1 (64-bit)
# SW Build 5076996 on Wed May 22 18:37:14 MDT 2024
# IP Build 5075265 on Wed May 22 21:45:21 MDT 2024
# SharedData Build 5076995 on Wed May 22 18:29:18 MDT 2024
# Start of session at: Fri Sep 19 01:40:40 2025
# Process ID: 7740
# Current directory: E:/Digital_Logic/Labs/Lab2/x7seg/x7seg/x7seg.runs/impl_1
# Command line: vivado.exe -log x7seg_Top.vdi -applog -product Vivado -messageDb vivado.pb -mode batch -source x7seg_Top.tcl -notrace
# Log file: E:/Digital_Logic/Labs/Lab2/x7seg/x7seg/x7seg.runs/impl_1/x7seg_Top.vdi
# Journal file: E:/Digital_Logic/Labs/Lab2/x7seg/x7seg/x7seg.runs/impl_1\vivado.jou
# Running On        :LAPTOP-1P7N3FS9
# Platform          :Windows Server 2016 or Windows 10
# Operating System  :26100
# Processor Detail  :Intel(R) Core(TM) i9-14900HX
# CPU Frequency     :2419 MHz
# CPU Physical cores:24
# CPU Logical cores :32
# Host memory       :34141 MB
# Swap memory       :2147 MB
# Total Virtual     :36288 MB
# Available Virtual :15498 MB
#-----------------------------------------------------------
source x7seg_Top.tcl -notrace
