#-----------------------------------------------------------
# Vivado v2024.1 (64-bit)
# SW Build 5076996 on Wed May 22 18:37:14 MDT 2024
# IP Build 5075265 on Wed May 22 21:45:21 MDT 2024
# SharedData Build 5076995 on Wed May 22 18:29:18 MDT 2024
# Start of session at: Thu Sep 18 23:34:17 2025
# Process ID: 33576
# Current directory: E:/Digital_Logic/Labs/Lab2/Hex7Seg/Hex7Seg
# Command line: vivado.exe -gui_launcher_event rodinguilauncherevent40888 E:\Digital_Logic\Labs\Lab2\Hex7Seg\Hex7Seg\Hex7Seg.xpr
# Log file: E:/Digital_Logic/Labs/Lab2/Hex7Seg/Hex7Seg/vivado.log
# Journal file: E:/Digital_Logic/Labs/Lab2/Hex7Seg/Hex7Seg\vivado.jou
# Running On        :LAPTOP-1P7N3FS9
# Platform          :Windows Server 2016 or Windows 10
# Operating System  :26100
# Processor Detail  :Intel(R) Core(TM) i9-14900HX
# CPU Frequency     :2419 MHz
# CPU Physical cores:24
# CPU Logical cores :32
# Host memory       :34141 MB
# Swap memory       :2147 MB
# Total Virtual     :36288 MB
# Available Virtual :22060 MB
#-----------------------------------------------------------
start_gui
open_project E:/Digital_Logic/Labs/Lab2/Hex7Seg/Hex7Seg/Hex7Seg.xpr
upgrade_project -migrate_output_products
update_compile_order -fileset sources_1
reset_run synth_1
launch_runs impl_1 -to_step write_bitstream -jobs 16
wait_on_run impl_1
open_run impl_1
open_hw_manager
close_hw_manager
open_hw_manager
close_hw_manager
open_hw_manager
connect_hw_server -allow_non_jtag
open_hw_target
set_property PROGRAM.FILE {E:/Digital_Logic/Labs/Lab2/Hex7Seg/Hex7Seg/Hex7Seg.runs/impl_1/Hex7Seg_Top.bit} [get_hw_devices xc7a100t_0]
current_hw_device [get_hw_devices xc7a100t_0]
refresh_hw_device -update_hw_probes false [lindex [get_hw_devices xc7a100t_0] 0]
set_property PROBES.FILE {} [get_hw_devices xc7a100t_0]
set_property FULL_PROBES.FILE {} [get_hw_devices xc7a100t_0]
set_property PROGRAM.FILE {E:/Digital_Logic/Labs/Lab2/Hex7Seg/Hex7Seg/Hex7Seg.runs/impl_1/Hex7Seg_Top.bit} [get_hw_devices xc7a100t_0]
program_hw_devices [get_hw_devices xc7a100t_0]
refresh_hw_device [lindex [get_hw_devices xc7a100t_0] 0]
reset_run synth_1
launch_runs impl_1 -to_step write_bitstream -jobs 16
wait_on_run impl_1
set_property PROBES.FILE {} [get_hw_devices xc7a100t_0]
set_property FULL_PROBES.FILE {} [get_hw_devices xc7a100t_0]
set_property PROGRAM.FILE {E:/Digital_Logic/Labs/Lab2/Hex7Seg/Hex7Seg/Hex7Seg.runs/impl_1/Hex7Seg_Top.bit} [get_hw_devices xc7a100t_0]
program_hw_devices [get_hw_devices xc7a100t_0]
refresh_hw_device [lindex [get_hw_devices xc7a100t_0] 0]
